// Jest Snapshot v1, https://goo.gl/fbAQLP

exports[`correctly renders About component 1`] = `
<div>
  Info goes here.
</div>
`;
