// Jest Snapshot v1, https://goo.gl/fbAQLP

exports[`correctly renders the top-level App component 1`] = `ShallowWrapper {}`;
