// Jest Snapshot v1, https://goo.gl/fbAQLP

exports[`correctly renders About component 1`] = `
<nav
  className="navbar navbar-expand-lg navbar-dark bg-dark"
>
  <a
    className="navbar-brand"
    href="#home"
  >
    ESAP Needle Map
  </a>
  <button
    aria-controls="basic-navbar-nav"
    aria-label="Toggle navigation"
    className="navbar-toggler collapsed"
    onClick={[Function]}
    type="button"
  >
    <span
      className="navbar-toggler-icon"
    />
  </button>
  <div
    aria-expanded={null}
    className="justify-content-end navbar-collapse collapse"
  >
    <div
      className="navbar-nav"
      onKeyDown={[Function]}
    >
      <a
        className="nav-link"
        data-rb-event-key="/"
        href="/"
        onClick={[Function]}
        onKeyDown={[Function]}
      >
        Map
      </a>
      <a
        className="nav-link"
        data-rb-event-key="/about"
        href="/about"
        onClick={[Function]}
        onKeyDown={[Function]}
      >
        About
      </a>
    </div>
  </div>
</nav>
`;
