// Jest Snapshot v1, https://goo.gl/fbAQLP

exports[`correctly renders About component 1`] = `
<h1>
  Sorry! Page not found.
</h1>
`;
